** Drc report for hue-simple-switch-mains.kicad_pcb **
** Created on 2026-09-29T21:54:20 **
** Report includes: Errors, Warnings, Exclusions **

** Found 28 DRC violations **
[silk_edge_clearance]: Silkscreen clipped by board edge
    Rule: board setup constraints silk; warning
    @(100.0000 mm, 100.0000 mm): Arc on Edge.Cuts
    @(92.0000 mm, 75.8500 mm): Reference field of RV1
[silk_edge_clearance]: Silkscreen clipped by board edge
    Rule: board setup constraints silk; warning
    @(79.0000 mm, 115.3297 mm): Segment on Edge.Cuts
    @(78.3530 mm, 98.3060 mm): Segment of U1 on F.Silkscreen
[silk_edge_clearance]: Silkscreen clipped by board edge
    Rule: board setup constraints silk; warning
    @(79.0000 mm, 115.3297 mm): Segment on Edge.Cuts
    @(79.3630 mm, 107.3050 mm): Segment of U1 on F.Silkscreen
[silk_edge_clearance]: Silkscreen clipped by board edge
    Rule: board setup constraints silk; warning
    @(100.0000 mm, 100.0000 mm): Arc on Edge.Cuts
    @(110.3800 mm, 84.6000 mm): Rectangle of J1 on B.Silkscreen
[silk_edge_clearance]: Silkscreen clipped by board edge
    Rule: board setup constraints silk; warning
    @(79.0000 mm, 115.3297 mm): Segment on Edge.Cuts
    @(79.0000 mm, 100.0000 mm): Reference field of PS1
[silk_edge_clearance]: Silkscreen clipped by board edge
    Rule: board setup constraints silk; warning
    @(100.0000 mm, 100.0000 mm): Arc on Edge.Cuts
    @(80.3800 mm, 82.8800 mm): Rectangle of PS1 on B.Silkscreen
[silk_over_copper]: Silkscreen clipped by solder mask
    Local override; warning
    @(87.8800 mm, 77.2300 mm): Rectangle of RV1 on F.Silkscreen
    @(95.6500 mm, 80.5000 mm): Pad 2 [AC_N] of RV1 on F.Cu
[silk_over_copper]: Silkscreen clipped by solder mask
    Local override; warning
    @(87.8800 mm, 77.2300 mm): Rectangle of RV1 on F.Silkscreen
    @(88.3500 mm, 80.5000 mm): Pad 1 [AC_L] of RV1 on F.Cu
[silk_over_copper]: Silkscreen clipped by solder mask
    Local override; warning
    @(98.4130 mm, 93.9200 mm): Segment of U1 on F.Silkscreen
    @(94.9800 mm, 94.7000 mm): Pad 9 [unconnected-(U1-D8-Pad9)] of U1 on F.Cu
[silk_over_copper]: Silkscreen clipped by solder mask
    Local override; warning
    @(98.4130 mm, 93.9200 mm): Segment of U1 on F.Silkscreen
    @(97.5200 mm, 94.7000 mm): Pad 8 [unconnected-(U1-D7-Pad8)] of U1 on F.Cu
[silk_over_copper]: Silkscreen clipped by solder mask
    Local override; warning
    @(98.4130 mm, 93.9200 mm): Segment of U1 on F.Silkscreen
    @(92.4400 mm, 94.7000 mm): Pad 10 [unconnected-(U1-D9-Pad10)] of U1 on F.Cu
[silk_over_copper]: Silkscreen clipped by solder mask
    Local override; warning
    @(98.4130 mm, 93.9200 mm): Segment of U1 on F.Silkscreen
    @(89.9000 mm, 94.7000 mm): Pad 11 [unconnected-(U1-D10-Pad11)] of U1 on F.Cu
[silk_over_copper]: Silkscreen clipped by solder mask
    Local override; warning
    @(98.4130 mm, 93.9200 mm): Segment of U1 on F.Silkscreen
    @(87.3600 mm, 94.7000 mm): Pad 12 [+3V3] of U1 on F.Cu
[silk_over_copper]: Silkscreen clipped by solder mask
    Local override; warning
    @(98.4130 mm, 93.9200 mm): Segment of U1 on F.Silkscreen
    @(84.8200 mm, 94.7000 mm): Pad 13 [GND] of U1 on F.Cu
[silk_over_copper]: Silkscreen clipped by solder mask
    Local override; warning
    @(98.4130 mm, 93.9200 mm): Segment of U1 on F.Silkscreen
    @(82.2800 mm, 94.7000 mm): Pad 14 [+5V] of U1 on F.Cu
[silk_over_copper]: Silkscreen clipped by solder mask
    Local override; warning
    @(98.4130 mm, 111.7000 mm): Segment of U1 on F.Silkscreen
    @(92.4400 mm, 110.8650 mm): Pad 5 [D4] of U1 on F.Cu
[silk_over_copper]: Silkscreen clipped by solder mask
    Local override; warning
    @(98.4130 mm, 111.7000 mm): Segment of U1 on F.Silkscreen
    @(94.9800 mm, 110.8650 mm): Pad 6 [D5] of U1 on F.Cu
[silk_over_copper]: Silkscreen clipped by solder mask
    Local override; warning
    @(98.4130 mm, 111.7000 mm): Segment of U1 on F.Silkscreen
    @(97.5200 mm, 110.8650 mm): Pad 7 [unconnected-(U1-D6-Pad7)] of U1 on F.Cu
[silk_over_copper]: Silkscreen clipped by solder mask
    Local override; warning
    @(98.4130 mm, 111.7000 mm): Segment of U1 on F.Silkscreen
    @(82.2800 mm, 110.8650 mm): Pad 1 [D0] of U1 on F.Cu
[silk_over_copper]: Silkscreen clipped by solder mask
    Local override; warning
    @(98.4130 mm, 111.7000 mm): Segment of U1 on F.Silkscreen
    @(84.8200 mm, 110.8650 mm): Pad 2 [D1] of U1 on F.Cu
[silk_over_copper]: Silkscreen clipped by solder mask
    Local override; warning
    @(98.4130 mm, 111.7000 mm): Segment of U1 on F.Silkscreen
    @(87.3600 mm, 110.8650 mm): Pad 3 [D2] of U1 on F.Cu
[silk_over_copper]: Silkscreen clipped by solder mask
    Local override; warning
    @(98.4130 mm, 111.7000 mm): Segment of U1 on F.Silkscreen
    @(89.9000 mm, 110.8650 mm): Pad 4 [D3] of U1 on F.Cu
[silk_over_copper]: Silkscreen clipped by solder mask
    Local override; warning
    @(98.4130 mm, 95.8250 mm): Arc of U1 on F.Silkscreen
    @(97.5200 mm, 94.7000 mm): Pad 8 [unconnected-(U1-D7-Pad8)] of U1 on F.Cu
[silk_over_copper]: Silkscreen clipped by solder mask
    Local override; warning
    @(98.4130 mm, 109.7950 mm): Arc of U1 on F.Silkscreen
    @(97.5200 mm, 110.8650 mm): Pad 7 [unconnected-(U1-D6-Pad7)] of U1 on F.Cu
[silk_over_copper]: Silkscreen clipped by solder mask
    Local override; warning
    @(81.2680 mm, 95.8250 mm): Arc of U1 on F.Silkscreen
    @(82.2800 mm, 94.7000 mm): Pad 14 [+5V] of U1 on F.Cu
[silk_over_copper]: Silkscreen clipped by solder mask
    Local override; warning
    @(81.2640 mm, 109.7950 mm): Arc of U1 on F.Silkscreen
    @(82.2800 mm, 110.8650 mm): Pad 1 [D0] of U1 on F.Cu
[silk_overlap]: Silkscreen clearance
    Rule: board setup constraints silk; warning
    @(110.3000 mm, 106.3000 mm): PCB text 'LOW VOLTAGE ONLY' on B.Silkscreen
    @(110.9000 mm, 106.2500 mm): Reference field of J2
[silk_overlap]: Silkscreen clearance
    Rule: board setup constraints silk; warning
    @(112.2800 mm, 99.1300 mm): Rectangle of J2 on B.Silkscreen
    @(113.5000 mm, 99.1000 mm): PCB text 'D0' on B.Silkscreen

** Found 0 unconnected pads **

** Found 0 Footprint errors **

** Ignored checks **
    - Footprint has no courtyard defined
    - Track endpoint not centered on via
    - Tuning profile track geometries
    - Footprint doesn't match symbol's footprint filters
    - Footprint component type doesn't match footprint pads

** End of Report **
